// Jest Snapshot v1, https://goo.gl/fbAQLP

exports[`<Avatar /> renders correctly 1`] = `
<div
  className="MuiAvatar-root-4 MuiAvatar-colorDefault-5"
  style={
    Object {
      "backgroundColor": "rgb(161,163,111)",
    }
  }
>
  NS
</div>
`;
