// Jest Snapshot v1, https://goo.gl/fbAQLP

exports[`<SignupForm /> renders correctly 1`] = `
<form
  onSubmit={[Function]}
>
  <div
    aria-describedby={undefined}
    className="MuiFormControl-root-91 MuiFormControl-marginNormal-92 MuiFormControl-fullWidth-94"
  >
    <label
      className="MuiFormLabel-root-106 MuiFormLabel-required-111 MuiInputLabel-required-99 MuiInputLabel-root-95 MuiInputLabel-formControl-100 MuiInputLabel-animated-103"
      data-shrink={false}
      htmlFor={undefined}
    >
      Username
      <span
        className="MuiFormLabel-asterisk-112"
      >
         *
      </span>
    </label>
    <div
      className="MuiInputBase-root-126 MuiInput-root-113 MuiInput-underline-117 MuiInputBase-fullWidth-135 MuiInput-fullWidth-120 MuiInputBase-formControl-127 MuiInput-formControl-114"
      onClick={[Function]}
    >
      <input
        aria-invalid={false}
        autoComplete="username"
        autoFocus={undefined}
        className="MuiInputBase-input-136 MuiInput-input-121"
        defaultValue={undefined}
        disabled={false}
        id={undefined}
        name="username"
        onBlur={[Function]}
        onChange={[Function]}
        onFocus={[Function]}
        onKeyDown={undefined}
        onKeyUp={undefined}
        placeholder="Type your username..."
        readOnly={undefined}
        required={true}
        rows={undefined}
        type="text"
        value=""
      />
    </div>
  </div>
  <div
    aria-describedby={undefined}
    className="MuiFormControl-root-91 MuiFormControl-marginNormal-92 MuiFormControl-fullWidth-94"
  >
    <label
      className="MuiFormLabel-root-106 MuiFormLabel-required-111 MuiInputLabel-required-99 MuiInputLabel-root-95 MuiInputLabel-formControl-100 MuiInputLabel-animated-103"
      data-shrink={false}
      htmlFor={undefined}
    >
      Password
      <span
        className="MuiFormLabel-asterisk-112"
      >
         *
      </span>
    </label>
    <div
      className="MuiInputBase-root-126 MuiInput-root-113 MuiInput-underline-117 MuiInputBase-fullWidth-135 MuiInput-fullWidth-120 MuiInputBase-formControl-127 MuiInput-formControl-114"
      onClick={[Function]}
    >
      <input
        aria-invalid={false}
        autoComplete="new-password"
        autoFocus={undefined}
        className="MuiInputBase-input-136 MuiInput-input-121 MuiInputBase-inputType-139 MuiInput-inputType-124"
        defaultValue={undefined}
        disabled={false}
        id={undefined}
        name="password"
        onBlur={[Function]}
        onChange={[Function]}
        onFocus={[Function]}
        onKeyDown={undefined}
        onKeyUp={undefined}
        placeholder="Type your password..."
        readOnly={undefined}
        required={true}
        rows={undefined}
        type="password"
        value=""
      />
    </div>
  </div>
  <div
    aria-describedby={undefined}
    className="MuiFormControl-root-91 MuiFormControl-marginNormal-92 MuiFormControl-fullWidth-94"
  >
    <label
      className="MuiFormLabel-root-106 MuiFormLabel-required-111 MuiInputLabel-required-99 MuiInputLabel-root-95 MuiInputLabel-formControl-100 MuiInputLabel-animated-103"
      data-shrink={false}
      htmlFor={undefined}
    >
      Repeat password
      <span
        className="MuiFormLabel-asterisk-112"
      >
         *
      </span>
    </label>
    <div
      className="MuiInputBase-root-126 MuiInput-root-113 MuiInput-underline-117 MuiInputBase-fullWidth-135 MuiInput-fullWidth-120 MuiInputBase-formControl-127 MuiInput-formControl-114"
      onClick={[Function]}
    >
      <input
        aria-invalid={false}
        autoComplete="new-password"
        autoFocus={undefined}
        className="MuiInputBase-input-136 MuiInput-input-121 MuiInputBase-inputType-139 MuiInput-inputType-124"
        defaultValue={undefined}
        disabled={false}
        id={undefined}
        name="repeatedPassword"
        onBlur={[Function]}
        onChange={[Function]}
        onFocus={[Function]}
        onKeyDown={undefined}
        onKeyUp={undefined}
        placeholder="Repeat your password..."
        readOnly={undefined}
        required={true}
        rows={undefined}
        type="password"
        value=""
      />
    </div>
  </div>
  <button
    className="MuiButtonBase-root-169 MuiButton-root-143 MuiButton-contained-154 MuiButton-containedPrimary-155 MuiButton-raised-157 MuiButton-raisedPrimary-158 MuiButton-fullWidth-168 SignupForm-signUpButton-90"
    disabled={false}
    onBlur={[Function]}
    onFocus={[Function]}
    onKeyDown={[Function]}
    onKeyUp={[Function]}
    onMouseDown={[Function]}
    onMouseLeave={[Function]}
    onMouseUp={[Function]}
    onTouchEnd={[Function]}
    onTouchMove={[Function]}
    onTouchStart={[Function]}
    tabIndex="0"
    type="submit"
  >
    <span
      className="MuiButton-label-144"
    >
      Signup
    </span>
    <span
      className="MuiTouchRipple-root-172"
    />
  </button>
</form>
`;
